// Jest Snapshot v1, https://goo.gl/fbAQLP

exports[`FavoriteIcon Component renders the FavoriteIcon component 1`] = `null`;
